Archive member included to satisfy reference by file (symbol)

/Users/hasik/Projects/ruby-psx/nolibgs_hello_worlds/psyq/lib/libc.a(a56.o)
                              alloc.o (exit)
/Users/hasik/Projects/ruby-psx/nolibgs_hello_worlds/psyq/lib/libc.a(c17.o)
                              c_object.o (atol)
/Users/hasik/Projects/ruby-psx/nolibgs_hello_worlds/psyq/lib/libc.a(c23.o)
                              rrt0.o (strcmp)
/Users/hasik/Projects/ruby-psx/nolibgs_hello_worlds/psyq/lib/libc.a(c27.o)
                              c_array.o (strlen)
/Users/hasik/Projects/ruby-psx/nolibgs_hello_worlds/psyq/lib/libc.a(c30.o)
                              console.o (strchr)
/Users/hasik/Projects/ruby-psx/nolibgs_hello_worlds/psyq/lib/libc.a(c42.o)
                              alloc.o (memcpy)
/Users/hasik/Projects/ruby-psx/nolibgs_hello_worlds/psyq/lib/libc.a(c43.o)
                              alloc.o (memset)
/Users/hasik/Projects/ruby-psx/nolibgs_hello_worlds/psyq/lib/libc.a(c63.o)
                              alloc.o (printf)
/Users/hasik/Projects/ruby-psx/nolibgs_hello_worlds/psyq/lib/libc.a(memcmp.o)
                              c_string.o (memcmp)
/Users/hasik/Projects/ruby-psx/nolibgs_hello_worlds/psyq/lib/libc.a(memmove.o)
                              c_array.o (memmove)
/Users/hasik/Projects/ruby-psx/nolibgs_hello_worlds/psyq/lib/libetc.a(vsync.o)
                              mrubyc.o (VSync)
/Users/hasik/Projects/ruby-psx/nolibgs_hello_worlds/psyq/lib/libetc.a(intr_vb.o)
                              /Users/hasik/Projects/ruby-psx/nolibgs_hello_worlds/psyq/lib/libetc.a(vsync.o) (Vcount)
/Users/hasik/Projects/ruby-psx/nolibgs_hello_worlds/psyq/lib/libetc.a(intr.o)
                              /Users/hasik/Projects/ruby-psx/nolibgs_hello_worlds/psyq/lib/libetc.a(intr_vb.o) (InterruptCallback)
/Users/hasik/Projects/ruby-psx/nolibgs_hello_worlds/psyq/lib/libetc.a(intr_dma.o)
                              /Users/hasik/Projects/ruby-psx/nolibgs_hello_worlds/psyq/lib/libetc.a(intr.o) (startIntrDMA)
/Users/hasik/Projects/ruby-psx/nolibgs_hello_worlds/psyq/lib/libgpu.a(e03.o)
                              mrubyc.o (SetDefDrawEnv)
/Users/hasik/Projects/ruby-psx/nolibgs_hello_worlds/psyq/lib/libgpu.a(e04.o)
                              mrubyc.o (SetDefDispEnv)
/Users/hasik/Projects/ruby-psx/nolibgs_hello_worlds/psyq/lib/libgpu.a(font.o)
                              mrubyc.o (FntFlush)
/Users/hasik/Projects/ruby-psx/nolibgs_hello_worlds/psyq/lib/libgpu.a(p06.o)
                              /Users/hasik/Projects/ruby-psx/nolibgs_hello_worlds/psyq/lib/libgpu.a(font.o) (AddPrim)
/Users/hasik/Projects/ruby-psx/nolibgs_hello_worlds/psyq/lib/libgpu.a(p09.o)
                              /Users/hasik/Projects/ruby-psx/nolibgs_hello_worlds/psyq/lib/libgpu.a(font.o) (TermPrim)
/Users/hasik/Projects/ruby-psx/nolibgs_hello_worlds/psyq/lib/libgpu.a(p10.o)
                              /Users/hasik/Projects/ruby-psx/nolibgs_hello_worlds/psyq/lib/libgpu.a(font.o) (SetSemiTrans)
/Users/hasik/Projects/ruby-psx/nolibgs_hello_worlds/psyq/lib/libgpu.a(p20.o)
                              /Users/hasik/Projects/ruby-psx/nolibgs_hello_worlds/psyq/lib/libgpu.a(font.o) (SetSprt8)
/Users/hasik/Projects/ruby-psx/nolibgs_hello_worlds/psyq/lib/libgpu.a(p26.o)
                              /Users/hasik/Projects/ruby-psx/nolibgs_hello_worlds/psyq/lib/libgpu.a(font.o) (SetTile)
/Users/hasik/Projects/ruby-psx/nolibgs_hello_worlds/psyq/lib/libgpu.a(p41.o)
                              /Users/hasik/Projects/ruby-psx/nolibgs_hello_worlds/psyq/lib/libgpu.a(font.o) (SetDrawMode)
/Users/hasik/Projects/ruby-psx/nolibgs_hello_worlds/psyq/lib/libgpu.a(sys.o)
                              mrubyc.o (ResetGraph)
/Users/hasik/Projects/ruby-psx/nolibgs_hello_worlds/psyq/lib/libgpu.a(e00.o)
                              /Users/hasik/Projects/ruby-psx/nolibgs_hello_worlds/psyq/lib/libgpu.a(font.o) (LoadTPage)
/Users/hasik/Projects/ruby-psx/nolibgs_hello_worlds/psyq/lib/libgpu.a(e02.o)
                              /Users/hasik/Projects/ruby-psx/nolibgs_hello_worlds/psyq/lib/libgpu.a(font.o) (LoadClut2)
/Users/hasik/Projects/ruby-psx/nolibgs_hello_worlds/psyq/lib/libgpu.a(p00.o)
                              /Users/hasik/Projects/ruby-psx/nolibgs_hello_worlds/psyq/lib/libgpu.a(e00.o) (GetTPage)
/Users/hasik/Projects/ruby-psx/nolibgs_hello_worlds/psyq/lib/libgpu.a(p01.o)
                              /Users/hasik/Projects/ruby-psx/nolibgs_hello_worlds/psyq/lib/libgpu.a(e02.o) (GetClut)
/Users/hasik/Projects/ruby-psx/nolibgs_hello_worlds/psyq/lib/libmath.a(strtod00.o)
                              c_string.o (atof)
/Users/hasik/Projects/ruby-psx/nolibgs_hello_worlds/psyq/lib/libmath.a(strtod01.o)
                              /Users/hasik/Projects/ruby-psx/nolibgs_hello_worlds/psyq/lib/libmath.a(strtod00.o) (strtod)
/Users/hasik/Projects/ruby-psx/nolibgs_hello_worlds/psyq/lib/libmath.a(adddf3.o)
[...]
Memory Configuration

Name             Origin             Length             Attributes
loader           0x8000f800         0x00000800
ram              0x80010000         0x001f0000         xrw
dcache           0x1f800000         0x00000400
*default*        0x00000000         0xffffffff

Linker script and memory map

LOAD alloc.o
LOAD c_array.o
LOAD c_hash.o
LOAD c_math.o
LOAD c_numeric.o
LOAD c_object.o
LOAD c_range.o
LOAD c_string.o
LOAD class.o
LOAD console.o
LOAD error.o
LOAD global.o
LOAD keyvalue.o
LOAD load.o
LOAD mrblib.o
LOAD rrt0.o
LOAD symbol.o
LOAD value.o
LOAD vm.o
LOAD mrubyc.o
LOAD /Users/hasik/Projects/ruby-psx/nolibgs_hello_worlds/thirdparty/nugget/common/crt0/crt0.o
LOAD /Users/hasik/Projects/ruby-psx/nolibgs_hello_worlds/thirdparty/nugget/common/syscalls/printf.o
START GROUP
LOAD /Users/hasik/Projects/ruby-psx/nolibgs_hello_worlds/psyq/lib/libapi.a
LOAD /Users/hasik/Projects/ruby-psx/nolibgs_hello_worlds/psyq/lib/libc.a
LOAD /Users/hasik/Projects/ruby-psx/nolibgs_hello_worlds/psyq/lib/libc2.a
LOAD /Users/hasik/Projects/ruby-psx/nolibgs_hello_worlds/psyq/lib/libcard.a
LOAD /Users/hasik/Projects/ruby-psx/nolibgs_hello_worlds/psyq/lib/libcomb.a
LOAD /Users/hasik/Projects/ruby-psx/nolibgs_hello_worlds/psyq/lib/libds.a
LOAD /Users/hasik/Projects/ruby-psx/nolibgs_hello_worlds/psyq/lib/libetc.a
LOAD /Users/hasik/Projects/ruby-psx/nolibgs_hello_worlds/psyq/lib/libgpu.a
LOAD /Users/hasik/Projects/ruby-psx/nolibgs_hello_worlds/psyq/lib/libgs.a
LOAD /Users/hasik/Projects/ruby-psx/nolibgs_hello_worlds/psyq/lib/libgte.a
LOAD /Users/hasik/Projects/ruby-psx/nolibgs_hello_worlds/psyq/lib/libgun.a
LOAD /Users/hasik/Projects/ruby-psx/nolibgs_hello_worlds/psyq/lib/libhmd.a
LOAD /Users/hasik/Projects/ruby-psx/nolibgs_hello_worlds/psyq/lib/libmath.a
LOAD /Users/hasik/Projects/ruby-psx/nolibgs_hello_worlds/psyq/lib/libmcrd.a
LOAD /Users/hasik/Projects/ruby-psx/nolibgs_hello_worlds/psyq/lib/libmcx.a
LOAD /Users/hasik/Projects/ruby-psx/nolibgs_hello_worlds/psyq/lib/libpad.a
LOAD /Users/hasik/Projects/ruby-psx/nolibgs_hello_worlds/psyq/lib/libpress.a
LOAD /Users/hasik/Projects/ruby-psx/nolibgs_hello_worlds/psyq/lib/libsio.a
LOAD /Users/hasik/Projects/ruby-psx/nolibgs_hello_worlds/psyq/lib/libsnd.a
LOAD /Users/hasik/Projects/ruby-psx/nolibgs_hello_worlds/psyq/lib/libspu.a
LOAD /Users/hasik/Projects/ruby-psx/nolibgs_hello_worlds/psyq/lib/libtap.a
LOAD /Users/hasik/Projects/ruby-psx/nolibgs_hello_worlds/psyq/lib/libcd.a
END GROUP
                0x8003f570                        __heap_base = __bss_end
                0x80010000                        TLOAD_ADDR = DEFINED (TLOAD_ADDR)?TLOAD_ADDR:0x80010000
                0x80200000                        __ram_top = (ORIGIN (ram) + LENGTH (ram))
                0x801fff00                        __sp = (__ram_top - 0x100)
                0x1f800000                        __dcache = ORIGIN (dcache)
                0x1f800400                        __dcache_top = (ORIGIN (dcache) + LENGTH (dcache))
                0x00010570                        __bss_len = (__bss_end - __bss_start)
                0x00019670                        __ftext_len = (__ftext_end - __ftext_start)
                0x00005990                        __fdata_len = (__fdata_end - __fdata_start)
                0x80200000                        __stack_start = (ORIGIN (ram) + LENGTH (ram))

.PSX_EXE_Header
                0x8000f800      0x800
                0x8000f800        0x1 BYTE 0x50
                0x8000f801        0x1 BYTE 0x53
                0x8000f802        0x1 BYTE 0x2d
                0x8000f803        0x1 BYTE 0x58
                0x8000f804        0x1 BYTE 0x20
                0x8000f805        0x1 BYTE 0x45
                0x8000f806        0x1 BYTE 0x58
                0x8000f807        0x1 BYTE 0x45
                0x8000f808        0x4 LONG 0x0
                0x8000f80c        0x4 LONG 0x0
                0x8000f810        0x4 LONG 0x80010000 ABSOLUTE (_start)
                0x8000f814        0x4 LONG 0x0
                0x8000f818        0x4 LONG 0x80010000 TLOAD_ADDR
                0x8000f81c        0x4 LONG 0x1f000 (__ftext_len + __fdata_len)
                0x8000f820        0x4 LONG 0x0
                0x8000f824        0x4 LONG 0x0
                0x8000f828        0x4 LONG 0x0
                0x8000f82c        0x4 LONG 0x0
                0x8000f830        0x4 LONG 0x801fff00 DEFINED (_sp)?ABSOLUTE (_sp):0x801fff00
                0x8000f834        0x4 LONG 0x0
                0x80010000                        . = (. + 0x7c8)
 *fill*         0x8000f838      0x7c8 
                0x80010000                        __ftext_start = ABSOLUTE (.)

.text           0x80010000    0x19670
 *(.start)
 .start         0x80010000       0x64 /Users/hasik/Projects/ruby-psx/nolibgs_hello_worlds/thirdparty/nugget/common/crt0/crt0.o
                0x80010000                _start
 *(.init)
 *(SORT_NONE(.fini))
 *(.text.unlikely .text.*_unlikely .text.unlikely.*)
 *(.text.exit .text.exit.*)
 *(.text.startup .text.startup.*)
 .text.startup.main
                0x80010064      0x12c mrubyc.o
                0x80010064                main
 *(.text.hot .text.hot.*)
 *(.text .stub .text.* .gnu.linkonce.t.*)
 .text.nlz16    0x80010190       0x60 alloc.o
 .text.nlz8     0x800101f0       0x48 alloc.o
 .text.calc_index
                0x80010238       0x8c alloc.o
 .text.remove_free_block
                0x800102c4       0xcc alloc.o
 .text.add_free_block
                0x80010390       0xf4 alloc.o
 .text.split_block
                0x80010484       0x98 alloc.o
 .text.merge_block
                0x8001051c       0x70 alloc.o
 .text.mrbc_init_alloc
                0x8001058c       0xc4 alloc.o
                0x8001058c                mrbc_init_alloc
 .text.mrbc_raw_alloc
                0x80010650      0x2d8 alloc.o
                0x80010650                mrbc_raw_alloc
 .text.mrbc_raw_alloc_no_free
                0x80010928      0x138 alloc.o
                0x80010928                mrbc_raw_alloc_no_free
 .text.mrbc_raw_free
                0x80010a60      0x10c alloc.o
                0x80010a60                mrbc_raw_free
 .text.mrbc_raw_realloc
                0x80010b6c      0x1c4 alloc.o
                0x80010b6c                mrbc_raw_realloc
 .text.mrbc_alloc_statistics
                0x80010d30       0xd0 alloc.o
                0x80010d30                mrbc_alloc_statistics
 .text.mrbc_decref
                0x80010e00       0xf0 c_array.o
 .text.c_array_size
                0x80010ef0       0x44 c_array.o
 .text.c_array_join_1
                0x80010f34      0x144 c_array.o
 .text.c_array_join
                0x80011078      0x138 c_array.o
 .text.c_array_empty
                0x800111b0       0x50 c_array.o
 .text.mrbc_incref
                0x80011200       0xbc c_array.o
 .text.mrbc_array_new
                0x800112bc       0xa4 c_array.o
                0x800112bc                mrbc_array_new
 .text.c_array_add
                0x80011360      0x148 c_array.o
 .text.mrbc_array_delete
                0x800114a8       0x90 c_array.o
                0x800114a8                mrbc_array_delete
 .text.mrbc_array_resize
                0x80011538       0x5c c_array.o
                0x80011538                mrbc_array_resize
 .text.mrbc_array_set
                0x80011594       0xf8 c_array.o
                0x80011594                mrbc_array_set
 .text.c_array_new
                0x8001168c      0x194 c_array.o
 .text.mrbc_array_get
                0x80011820       0x74 c_array.o
                0x80011820                mrbc_array_get
 .text.c_array_last
                0x80011894       0x5c c_array.o
 .text.c_array_inspect
                0x800118f0      0x1d0 c_array.o
 .text.c_array_first
                0x80011ac0       0x5c c_array.o
 .text.mrbc_array_push
                0x80011b1c       0x84 c_array.o
                0x80011b1c                mrbc_array_push
 .text.c_array_get
                0x80011ba0      0x210 c_array.o
 .text.c_array_push
                0x80011db0       0x30 c_array.o
 .text.mrbc_array_push_m
                0x80011de0       0xa0 c_array.o
                0x80011de0                mrbc_array_push_m
 .text.mrbc_array_pop
                0x80011e80       0x78 c_array.o
                0x80011e80                mrbc_array_pop
 .text.mrbc_array_shift
                0x80011ef8       0xb0 c_array.o
                0x80011ef8                mrbc_array_shift
 .text.mrbc_array_insert
                0x80011fa8      0x144 c_array.o
                0x80011fa8                mrbc_array_insert
 .text.mrbc_array_unshift
                0x800120ec        0xc c_array.o
                0x800120ec                mrbc_array_unshift
 .text.c_array_unshift
                0x800120f8       0x30 c_array.o
 .text.mrbc_array_remove
                0x80012128       0xf0 c_array.o
                0x80012128                mrbc_array_remove
 .text.c_array_delete_at
                0x80012218       0x9c c_array.o
 .text.mrbc_array_clear
                0x800122b4       0x64 c_array.o
                0x800122b4                mrbc_array_clear
 .text.c_array_clear
                0x80012318        0x8 c_array.o
 .text.mrbc_array_compare
                0x80012320       0x88 c_array.o
                0x80012320                mrbc_array_compare
 .text.mrbc_array_minmax
                0x800123a8       0xe0 c_array.o
                0x800123a8                mrbc_array_minmax
 .text.c_array_minmax
                0x80012488       0xf0 c_array.o
 .text.c_array_min
                0x80012578       0x90 c_array.o
 .text.c_array_max
                0x80012608       0x90 c_array.o
 .text.mrbc_array_dup
                0x80012698       0x98 c_array.o
                0x80012698                mrbc_array_dup
 .text.c_array_dup
                0x80012730       0x48 c_array.o
 .text.mrbc_array_divide
                0x80012778       0xb8 c_array.o
                0x80012778                mrbc_array_divide
 .text.c_array_shift
                0x80012830       0xe0 c_array.o
 .text.c_array_pop
                0x80012910       0xb4 c_array.o
 .text.c_array_set
                0x800129c4      0x298 c_array.o
 .text.mrbc_array_include
                0x80012c5c       0x80 c_array.o
                0x80012c5c                mrbc_array_include
 .text.c_array_or
                0x80012cdc      0x13c c_array.o
 .text.c_array_include
                0x80012e18       0x48 c_array.o
 .text.c_array_and
                0x80012e60      0x10c c_array.o
 .text.c_hash_clear
                0x80012f6c        0x8 c_hash.o
 .text.mrbc_decref
                0x80012f74       0xf0 c_hash.o
 .text.c_hash_size
                0x80013064       0x48 c_hash.o
 .text.mrbc_incref
                0x800130ac       0xbc c_hash.o
 .text.mrbc_string_append_cstr.isra.0
                0x80013168       0x40 c_hash.o
 .text.c_hash_empty
                0x800131a8       0x54 c_hash.o
 .text.c_hash_has_value
                0x800131fc       0x8c c_hash.o
 .text.c_hash_key
                0x80013288       0xbc c_hash.o
 .text.c_hash_values
                0x80013344       0xb8 c_hash.o
 .text.c_hash_keys
                0x800133fc       0xac c_hash.o
 .text.c_hash_inspect
                0x800134a8      0x20c c_hash.o
 .text.mrbc_hash_new
                0x800136b4       0xa8 c_hash.o
                0x800136b4                mrbc_hash_new
 .text.c_hash_new
                0x8001375c       0x58 c_hash.o
 .text.mrbc_hash_delete
                0x800137b4        0x8 c_hash.o
                0x800137b4                mrbc_hash_delete
 .text.mrbc_hash_search
                0x800137bc       0x70 c_hash.o
                0x800137bc                mrbc_hash_search
 .text.c_hash_has_key
                0x8001382c       0x54 c_hash.o
 .text.mrbc_hash_search_by_id
                0x80013880       0x5c c_hash.o
                0x80013880                mrbc_hash_search_by_id
 .text.mrbc_hash_set
                0x800138dc       0xb8 c_hash.o
                0x800138dc                mrbc_hash_set
 .text.c_hash_merge_self
                0x80013994       0x80 c_hash.o
 .text.c_hash_set
                0x80013a14       0x54 c_hash.o
 .text.mrbc_hash_get
                0x80013a68       0x60 c_hash.o
                0x80013a68                mrbc_hash_get
 .text.c_hash_get
                0x80013ac8       0x7c c_hash.o
 .text.mrbc_hash_remove
                0x80013b44       0xc4 c_hash.o
                0x80013b44                mrbc_hash_remove
 .text.c_hash_delete
                0x80013c08       0x54 c_hash.o
 .text.mrbc_hash_remove_by_id
                0x80013c5c       0xb4 c_hash.o
                0x80013c5c                mrbc_hash_remove_by_id
 .text.mrbc_hash_compare
                0x80013d10       0xb0 c_hash.o
                0x80013d10                mrbc_hash_compare
 .text.mrbc_hash_dup
                0x80013dc0       0xa4 c_hash.o
                0x80013dc0                mrbc_hash_dup
 .text.c_hash_merge
                0x80013e64       0xbc c_hash.o
 .text.c_hash_dup
                0x80013f20       0x58 c_hash.o
 .text.c_integer_positive
                0x80013f78        0x8 c_numeric.o
 .text.c_integer_abs
                0x80013f80       0x1c c_numeric.o
 .text.c_float_abs
                0x80013f9c       0x40 c_numeric.o
 .text.mrbc_string_new_cstr
                0x80013fdc       0x60 c_numeric.o
 .text.mrbc_decref
                0x8001403c       0xf0 c_numeric.o
 .text.c_integer_not
                0x8001412c       0x44 c_numeric.o
 .text.c_integer_or
                0x80014170       0x48 c_numeric.o
 .text.c_integer_to_f
                0x800141b8       0x50 c_numeric.o
 .text.c_integer_xor
                0x80014208       0x48 c_numeric.o
 .text.c_integer_rshift
                0x80014250       0x70 c_numeric.o
 .text.c_integer_negative
                0x800142c0       0x44 c_numeric.o
 .text.c_integer_and
                0x80014304       0x48 c_numeric.o
 .text.c_integer_mod
                0x8001434c       0x54 c_numeric.o
 .text.c_float_to_i
                0x800143a0       0x70 c_numeric.o
 .text.c_float_negative
                0x80014410       0x58 c_numeric.o
 .text.c_integer_inspect
                0x80014468      0x124 c_numeric.o
 .text.c_float_inspect
                0x8001458c       0xa0 c_numeric.o
 .text.c_integer_chr
                0x8001462c       0x68 c_numeric.o
 .text.c_numeric_clamp
                0x80014694      0x12c c_numeric.o
 .text.c_integer_bitref
                0x800147c0       0x80 c_numeric.o
 .text.c_integer_power
                0x80014840       0x88 c_numeric.o
 .text.c_float_positive
                0x800148c8        0x8 c_numeric.o
 .text.c_integer_lshift
                0x800148d0       0x6c c_numeric.o
 .text.c_nil_to_i
                0x8001493c       0x1c c_object.o
 .text.c_nil_to_f
                0x80014958       0x14 c_object.o
 .text.c_proc_call
                0x8001496c       0xdc c_object.o
 .text.c_nil_to_a
                0x80014a48       0x40 c_object.o
 .text.c_nil_to_h
                0x80014a88       0x40 c_object.o
 .text.set_sym_name_by_id
                0x80014ac8       0xd0 c_object.o
 .text.c_nil_to_s
                0x80014b98       0x44 c_object.o
 .text.c_object_include
                0x80014bdc      0x13c c_object.o
 .text.c_object_setiv
                0x80014d18       0xd4 c_object.o
 .text.mrbc_decref
                0x80014dec       0xf0 c_object.o
 .text.c_object_object_id
                0x80014edc       0x40 c_object.o
 .text.c_object_nil
                0x80014f1c       0x48 c_object.o
 .text.c_object_block_given
                0x80014f64       0xc8 c_object.o
 .text.c_object_not
                0x8001502c       0x48 c_object.o
 .text.c_object_puts
                0x80015074       0x88 c_object.o
 .text.c_object_print
                0x800150fc       0x64 c_object.o
 .text.c_object_memory_statistics
                0x80015160      0x214 c_object.o
 .text.c_object_instance_variables
                0x80015374       0xe0 c_object.o
 .text.c_object_getiv
                0x80015454       0x5c c_object.o
 .text.c_object_equal3
                0x800154b0       0x78 c_object.o
 .text.c_object_equal2
                0x80015528       0x48 c_object.o
 .text.c_object_compare
                0x80015570       0x4c c_object.o
 .text.c_object_neq
                0x800155bc       0x48 c_object.o
 .text.mrbc_incref
                0x80015604       0xbc c_object.o
 .text.c_object_raise
                0x800156c0      0x200 c_object.o
 .text.find_class_by_object
                0x800158c0      0x114 c_object.o
 .text.c_object_class
                0x800159d4       0x6c c_object.o
 .text.c_object_to_s
                0x80015a40       0xe4 c_object.o
 .text.c_proc_new
                0x80015b24       0x50 c_object.o
 .text.c_object_kind_of
                0x80015b74       0x68 c_object.o
 .text.c_object_p
                0x80015bdc      0x150 c_object.o
 .text.c_object_instance_methods
                0x80015d2c      0x128 c_object.o
 .text.c_object_dup
                0x80015e54       0x78 c_object.o
 .text.c_object_constants
                0x80015ecc      0x194 c_object.o
 .text.c_object_attr_accessor
                0x80016060      0x178 c_object.o
 .text.c_object_sprintf
                0x800161d8      0x45c c_object.o
 .text.c_object_printf
                0x80016634       0x4c c_object.o
 .text.c_object_attr_reader
                0x80016680       0xec c_object.o
 .text.c_false_to_s
                0x8001676c       0x64 c_object.o
 .text.c_true_to_s
                0x800167d0       0x64 c_object.o
 .text.c_nil_inspect
                0x80016834       0x64 c_object.o
 .text.mrbc_instance_call_initialize
                0x80016898       0xe8 c_object.o
                0x80016898                mrbc_instance_call_initialize
 .text.c_object_new
                0x80016980       0x68 c_object.o
 .text.mrbc_decref
                0x800169e8       0xf0 c_range.o
 .text.c_range_exclude_end
                0x80016ad8       0x44 c_range.o
 .text.c_range_equal3
                0x80016b1c       0xf0 c_range.o
 .text.c_range_inspect
                0x80016c0c      0x1ac c_range.o
 .text.c_range_last
                0x80016db8       0x5c c_range.o
 .text.c_range_first
                0x80016e14       0x5c c_range.o
 .text.mrbc_range_new
                0x80016e70       0xb0 c_range.o
                0x80016e70                mrbc_range_new
 .text.mrbc_range_delete
                0x80016f20       0x3c c_range.o
                0x80016f20                mrbc_range_delete
 .text.mrbc_range_compare
                0x80016f5c       0x7c c_range.o
                0x80016f5c                mrbc_range_compare
 .text.is_space
                0x80016fd8       0x40 c_string.o
 .text.mrbc_decref
                0x80017018       0xf0 c_string.o
 .text.c_string_size
                0x80017108       0x44 c_string.o
 .text.c_string_getbyte
                0x8001714c       0x88 c_string.o
 .text.c_string_empty
                0x800171d4       0x44 c_string.o
 .text.c_string_to_f
                0x80017218       0x5c c_string.o
 .text.c_string_to_sym
                0x80017274       0x5c c_string.o
 .text.c_string_bytes
                0x800172d0       0xd0 c_string.o
 .text.c_string_start_with
                0x800173a0       0xc4 c_string.o
 .text.c_string_setbyte
                0x80017464       0xbc c_string.o
 .text.c_string_ord
                0x80017520       0x6c c_string.o
 .text.c_string_end_with
                0x8001758c       0xc4 c_string.o
 .text.c_string_to_i
                0x80017650       0x94 c_string.o
 .text.c_string_strip_self.part.0
                0x800176e4       0x4c c_string.o
 .text.tr_parse_pattern.isra.0
                0x80017730      0x1b8 c_string.o
 .text.c_string_insert
                0x800178e8      0x2fc c_string.o
 .text.tr_main  0x80017be4      0x2b4 c_string.o
 .text.c_string_tr_self
                0x80017e98       0x3c c_string.o
 .text.mrbc_string_new
                0x80017ed4       0xd8 c_string.o
                0x80017ed4                mrbc_string_new
 .text.mrbc_string_new_cstr
                0x80017fac       0x60 c_string.o
 .text.c_string_to_s
                0x8001800c       0x70 c_string.o
 .text.c_string_slice_self
                0x8001807c      0x1b4 c_string.o
 .text.c_string_slice
                0x80018230      0x1e0 c_string.o
 .text.c_string_mul
                0x80018410      0x134 c_string.o
 .text.mrbc_string_new_alloc
                0x80018544       0x84 c_string.o
                0x80018544                mrbc_string_new_alloc
 .text.mrbc_string_delete
                0x800185c8       0x34 c_string.o
                0x800185c8                mrbc_string_delete
 .text.mrbc_string_clear
                0x800185fc       0x50 c_string.o
                0x800185fc                mrbc_string_clear
 .text.c_string_clear
                0x8001864c        0x8 c_string.o
 .text.mrbc_string_dup
                0x80018654       0x60 c_string.o
                0x80018654                mrbc_string_dup
 .text.c_string_tr
                0x800186b4       0x7c c_string.o
 .text.c_string_new
                0x80018730       0xcc c_string.o
 .text.c_string_dup
                0x800187fc       0x58 c_string.o
 .text.mrbc_string_add
                0x80018854       0x98 c_string.o
                0x80018854                mrbc_string_add
 .text.c_string_add
                0x800188ec       0x84 c_string.o
 .text.mrbc_string_append
                0x80018970       0xe8 c_string.o
                0x80018970                mrbc_string_append
 .text.c_string_append
                0x80018a58        0xc c_string.o
 .text.mrbc_string_append_cbuf
                0x80018a64       0xc0 c_string.o
                0x80018a64                mrbc_string_append_cbuf
 .text.mrbc_string_append_cstr.isra.0
                0x80018b24       0x40 c_string.o
 .text.c_string_inspect
                0x80018b64      0x12c c_string.o
 .text.mrbc_string_index
                0x80018c90       0xb0 c_string.o
                0x80018c90                mrbc_string_index
 .text.c_string_split
                0x80018d40      0x438 c_string.o
 .text.c_string_index
                0x80019178       0xd8 c_string.o
 .text.c_string_include
                0x80019250       0x94 c_string.o
 .text.mrbc_string_strip
                0x800192e4      0x110 c_string.o
                0x800192e4                mrbc_string_strip
 .text.c_string_strip_self
                0x800193f4       0x44 c_string.o
 .text.c_string_strip
                0x80019438       0x64 c_string.o
 .text.c_string_rstrip_self
                0x8001949c       0x44 c_string.o
 .text.c_string_rstrip
                0x800194e0       0x64 c_string.o
 .text.c_string_lstrip_self
                0x80019544       0x44 c_string.o
 .text.c_string_lstrip
                0x80019588       0x64 c_string.o
 .text.mrbc_string_chomp
                0x800195ec       0x70 c_string.o
                0x800195ec                mrbc_string_chomp
 .text.c_string_chomp_self
                0x8001965c       0x34 c_string.o
 .text.c_string_chomp
                0x80019690       0x60 c_string.o
 .text.mrbc_string_upcase
                0x800196f0       0x4c c_string.o
                0x800196f0                mrbc_string_upcase
 .text.c_string_upcase_self
                0x8001973c       0x40 c_string.o
 .text.c_string_upcase
                0x8001977c       0x60 c_string.o
 .text.mrbc_string_downcase
                0x800197dc       0x4c c_string.o
                0x800197dc                mrbc_string_downcase
 .text.c_string_downcase_self
                0x80019828       0x40 c_string.o
 .text.c_string_downcase
                0x80019868       0x60 c_string.o
 .text.mrbc_incref
                0x800198c8       0xbc class.o
 .text.mrbc_decref
                0x80019984       0xf0 class.o
 .text.find_class_by_object
                0x80019a74      0x114 class.o
 .text.mrbc_define_class
                0x80019b88      0x118 class.o
                0x80019b88                mrbc_define_class
 .text.mrbc_define_class_under
                0x80019ca0      0x15c class.o
                0x80019ca0                mrbc_define_class_under
 .text.mrbc_define_module
                0x80019dfc      0x108 class.o
                0x80019dfc                mrbc_define_module
 .text.mrbc_define_module_under
                0x80019f04      0x148 class.o
                0x80019f04                mrbc_define_module_under
 .text.mrbc_define_method
                0x8001a04c       0xac class.o
                0x8001a04c                mrbc_define_method
 .text.mrbc_instance_new
                0x8001a0f8       0xb4 class.o
                0x8001a0f8                mrbc_instance_new
 .text.mrbc_instance_delete
                0x8001a1ac       0x30 class.o
                0x8001a1ac                mrbc_instance_delete
 .text.mrbc_instance_setiv
                0x8001a1dc       0x50 class.o
                0x8001a1dc                mrbc_instance_setiv
 .text.mrbc_instance_getiv
                0x8001a22c       0x7c class.o
                0x8001a22c                mrbc_instance_getiv
 .text.mrbc_proc_new
                0x8001a2a8      0x114 class.o
                0x8001a2a8                mrbc_proc_new
 .text.mrbc_proc_delete
                0x8001a3bc       0x30 class.o
                0x8001a3bc                mrbc_proc_delete
 .text.mrbc_obj_is_kind_of
                0x8001a3ec       0x48 class.o
                0x8001a3ec                mrbc_obj_is_kind_of
 .text.mrbc_find_method
                0x8001a434      0x1b4 class.o
                0x8001a434                mrbc_find_method
 .text.mrbc_send
                0x8001a5e8      0x1bc class.o
                0x8001a5e8                mrbc_send
 .text.c_ineffect
                0x8001a7a4        0x8 class.o
                0x8001a7a4                c_ineffect
 .text.mrbc_run_mrblib
                0x8001a7ac       0xa4 class.o
                0x8001a7ac                mrbc_run_mrblib
 .text.mrbc_init_class
                0x8001a850       0x78 class.o
                0x8001a850                mrbc_init_class
 .text.mrbc_putchar
                0x8001a8c8        0x8 console.o
                0x8001a8c8                mrbc_putchar
 .text.mrbc_print_symbol
                0x8001a8d0       0x8c console.o
                0x8001a8d0                mrbc_print_symbol
 .text.mrbc_nprint
                0x8001a95c        0x8 console.o
                0x8001a95c                mrbc_nprint
 .text.mrbc_printf_replace_buffer
                0x8001a964       0x28 console.o
                0x8001a964                mrbc_printf_replace_buffer
 .text.mrbc_printf_main
                0x8001a98c      0x1c8 console.o
                0x8001a98c                mrbc_printf_main
 .text.mrbc_printf_char
                0x8001ab54       0xa8 console.o
                0x8001ab54                mrbc_printf_char
 .text.mrbc_printf_bstr
                0x8001abfc      0x12c console.o
                0x8001abfc                mrbc_printf_bstr
 .text.mrbc_printf_int
                0x8001ad28      0x29c console.o
                0x8001ad28                mrbc_printf_int
 .text.mrbc_printf_bit
                0x8001afc4      0x23c console.o
                0x8001afc4                mrbc_printf_bit
 .text.mrbc_printf_float
                0x8001b200       0x60 console.o
                0x8001b200                mrbc_printf_float
 .text.mrbc_printf_pointer
                0x8001b260       0x88 console.o
                0x8001b260                mrbc_printf_pointer
 .text.mrbc_printf_sub_output_arg
                0x8001b2e8      0x1fc console.o
 .text.mrbc_snprintf
                0x8001b4e4       0x74 console.o
                0x8001b4e4                mrbc_snprintf
 .text.mrbc_vprintf
                0x8001b558       0x7c console.o
                0x8001b558                mrbc_vprintf
 .text.mrbc_printf
                0x8001b5d4       0x30 console.o
                0x8001b5d4                mrbc_printf
 .text.mrbc_print_sub
                0x8001b604      0x424 console.o
                0x8001b604                mrbc_print_sub
 .text.mrbc_p_sub
                0x8001ba28      0x1c0 console.o
                0x8001ba28                mrbc_p_sub
 .text.mrbc_p   0x8001bbe8        0x8 console.o
                0x8001bbe8                mrbc_p
 .text.mrbc_puts_sub
                0x8001bbf0       0x80 console.o
                0x8001bbf0                mrbc_puts_sub
 .text.mrbc_vasprintf
                0x8001bc70       0xd4 console.o
                0x8001bc70                mrbc_vasprintf
 .text.sub_exception_new
                0x8001bd44       0x88 error.o
 .text.mrbc_decref
                0x8001bdcc       0xf0 error.o
 .text.c_exception_message
                0x8001bebc       0xc0 error.o
 .text.mrbc_exception_new
                0x8001bf7c      0x10c error.o
                0x8001bf7c                mrbc_exception_new
 .text.c_exception_new
                0x8001c088       0xdc error.o
 .text.mrbc_exception_new_alloc
                0x8001c164       0x84 error.o
                0x8001c164                mrbc_exception_new_alloc
 .text.mrbc_exception_delete
                0x8001c1e8       0x44 error.o
                0x8001c1e8                mrbc_exception_delete
 .text.mrbc_raise
                0x8001c22c      0x100 error.o
                0x8001c22c                mrbc_raise
 .text.mrbc_raisef
                0x8001c32c      0x114 error.o
                0x8001c32c                mrbc_raisef
 .text.mrbc_print_exception
                0x8001c440       0x6c error.o
                0x8001c440                mrbc_print_exception
 .text.mrbc_print_vm_exception
                0x8001c4ac      0x114 error.o
                0x8001c4ac                mrbc_print_vm_exception
 .text.mrbc_init_global
                0x8001c5c0       0x38 global.o
                0x8001c5c0                mrbc_init_global
 .text.mrbc_set_const
                0x8001c5f8       0x60 global.o
                0x8001c5f8                mrbc_set_const
 .text.mrbc_set_class_const
                0x8001c658       0x4c global.o
                0x8001c658                mrbc_set_class_const
 .text.mrbc_get_const
                0x8001c6a4       0x10 global.o
                0x8001c6a4                mrbc_get_const
 .text.mrbc_get_class_const
                0x8001c6b4       0x48 global.o
                0x8001c6b4                mrbc_get_class_const
 .text.mrbc_get_all_class_const
                0x8001c6fc      0x128 global.o
                0x8001c6fc                mrbc_get_all_class_const
 .text.mrbc_set_global
                0x8001c824       0x14 global.o
                0x8001c824                mrbc_set_global
 .text.mrbc_get_global
                0x8001c838       0x10 global.o
                0x8001c838                mrbc_get_global
 .text.binary_search
                0x8001c848       0x6c keyvalue.o
 .text.mrbc_decref
                0x8001c8b4       0xf0 keyvalue.o
 .text.mrbc_kv_init_handle
                0x8001c9a4       0x6c keyvalue.o
                0x8001c9a4                mrbc_kv_init_handle
 .text.mrbc_kv_resize
                0x8001ca10       0x60 keyvalue.o
                0x8001ca10                mrbc_kv_resize
 .text.mrbc_kv_set
                0x8001ca70      0x198 keyvalue.o
                0x8001ca70                mrbc_kv_set
 .text.mrbc_kv_get
                0x8001cc08       0x54 keyvalue.o
                0x8001cc08                mrbc_kv_get
 .text.mrbc_kv_clear
                0x8001cc5c       0x68 keyvalue.o
                0x8001cc5c                mrbc_kv_clear
 .text.mrbc_kv_delete_data
                0x8001ccc4       0x44 keyvalue.o
                0x8001ccc4                mrbc_kv_delete_data
 .text.mrbc_kv_dup
                0x8001cd08      0x13c keyvalue.o
                0x8001cd08                mrbc_kv_dup
 .text.bin_to_uint16
                0x8001ce44       0x1c load.o
 .text.bin_to_uint32
                0x8001ce60       0x34 load.o
 .text.load_irep
                0x8001ce94      0x3d8 load.o
 .text.mrbc_load_irep
                0x8001d26c       0x4c load.o
                0x8001d26c                mrbc_load_irep
 .text.mrbc_load_mrb
                0x8001d2b8      0x124 load.o
                0x8001d2b8                mrbc_load_mrb
 .text.mrbc_irep_pool_value
                0x8001d3dc      0x150 load.o
                0x8001d3dc                mrbc_irep_pool_value
 .text.search_builtin_symbol
                0x8001d52c       0x84 symbol.o
 .text.add_index
                0x8001d5b0       0x8c symbol.o
 .text.search_index
                0x8001d63c       0xbc symbol.o
 .text.c_symbol_all_symbols
                0x8001d6f8      0x1b4 symbol.o
 .text.mrbc_str_to_symid
                0x8001d8ac       0xa8 symbol.o
                0x8001d8ac                mrbc_str_to_symid
 .text.mrbc_symid_to_str
                0x8001d954       0x60 symbol.o
                0x8001d954                mrbc_symid_to_str
 .text.c_symbol_inspect
                0x8001d9b4       0x8c symbol.o
 .text.c_symbol_to_s
                0x8001da40       0x90 symbol.o
 .text.mrbc_search_symid
                0x8001dad0       0x80 symbol.o
                0x8001dad0                mrbc_search_symid
 .text.make_nested_symbol_s
                0x8001db50       0x44 symbol.o
                0x8001db50                make_nested_symbol_s
 .text.mrbc_separate_nested_symid
                0x8001db94      0x108 symbol.o
                0x8001db94                mrbc_separate_nested_symid
 .text.mrbc_symbol_new
                0x8001dc9c      0x12c symbol.o
                0x8001dc9c                mrbc_symbol_new
 .text.mrbc_compare
                0x8001ddc8      0x2a4 value.o
                0x8001ddc8                mrbc_compare
 .text.mrbc_atoi
                0x8001e06c       0xb8 value.o
                0x8001e06c                mrbc_atoi
 .text.mrbc_strcpy
                0x8001e124       0x44 value.o
                0x8001e124                mrbc_strcpy
 .text.bin_to_uint32
                0x8001e168       0x34 vm.o
 .text.find_catch_handler_ensure
                0x8001e19c       0xd8 vm.o
 .text.mrbc_decref
                0x8001e274       0xf0 vm.o
 .text.op_loadl
                0x8001e364       0x7c vm.o
 .text.mrbc_incref
                0x8001e3e0       0xbc vm.o
 .text.op_argary
                0x8001e49c      0x310 vm.o
 .text.op_enter
                0x8001e7ac      0x4f0 vm.o
 .text.find_class_by_object
                0x8001ec9c      0x114 vm.o
 .text.op_getconst
                0x8001edb0      0x1c8 vm.o
 .text.op_unsupported.isra.0
                0x8001ef78       0x1c vm.o
 .text.mrbc_get_callee_symid
                0x8001ef94       0x24 vm.o
                0x8001ef94                mrbc_get_callee_symid
 .text.mrbc_get_callee_name
                0x8001efb8       0x24 vm.o
                0x8001efb8                mrbc_get_callee_name
 .text.mrbc_push_callinfo
                0x8001efdc       0xa8 vm.o
                0x8001efdc                mrbc_push_callinfo
 .text.send_by_name
                0x8001f084      0x370 vm.o
 .text.op_super
                0x8001f3f4      0x3b4 vm.o
 .text.mrbc_pop_callinfo
                0x8001f7a8      0x12c vm.o
                0x8001f7a8                mrbc_pop_callinfo
 .text.op_raiseif
                0x8001f8d4      0x434 vm.o
 .text.op_return__sub
                0x8001fd08      0x1a0 vm.o
 .text.op_return_blk
                0x8001fea8      0x1a4 vm.o
 .text.op_break
                0x8002004c      0x188 vm.o
 .text.mrbc_vm_new
                0x800201d4       0x80 vm.o
                0x800201d4                mrbc_vm_new
 .text.mrbc_vm_open
                0x80020254       0xd0 vm.o
                0x80020254                mrbc_vm_open
 .text.mrbc_vm_begin
                0x80020324       0xf8 vm.o
                0x80020324                mrbc_vm_begin
 .text.mrbc_vm_end
                0x8002041c       0xb4 vm.o
                0x8002041c                mrbc_vm_end
 .text.mrbc_vm_close
                0x800204d0       0x98 vm.o
                0x800204d0                mrbc_vm_close
 .text.mrbc_vm_run
                0x80020568     0x2bb8 vm.o
                0x80020568                mrbc_vm_run
 .text.display_init
                0x80023120      0x128 mrubyc.o
                0x80023120                display_init
 .text.display  0x80023248       0x7c mrubyc.o
                0x80023248                display
 *fill*         0x800232c4        0x4 
 .text          0x800232c8       0x10 /Users/hasik/Projects/ruby-psx/nolibgs_hello_worlds/psyq/lib/libc.a(a56.o)
                0x800232c8                exit
 .text          0x800232d8       0x10 /Users/hasik/Projects/ruby-psx/nolibgs_hello_worlds/psyq/lib/libc.a(c17.o)
                0x800232d8                atol
 .text          0x800232e8       0x10 /Users/hasik/Projects/ruby-psx/nolibgs_hello_worlds/psyq/lib/libc.a(c23.o)
                0x800232e8                strcmp
 .text          0x800232f8       0x10 /Users/hasik/Projects/ruby-psx/nolibgs_hello_worlds/psyq/lib/libc.a(c27.o)
                0x800232f8                strlen
 .text          0x80023308       0x10 /Users/hasik/Projects/ruby-psx/nolibgs_hello_worlds/psyq/lib/libc.a(c30.o)
                0x80023308                strchr
 .text          0x80023318       0x10 /Users/hasik/Projects/ruby-psx/nolibgs_hello_worlds/psyq/lib/libc.a(c42.o)
                0x80023318                memcpy
 .text          0x80023328       0x10 /Users/hasik/Projects/ruby-psx/nolibgs_hello_worlds/psyq/lib/libc.a(c43.o)
                0x80023328                memset
 .text          0x80023338       0x10 /Users/hasik/Projects/ruby-psx/nolibgs_hello_worlds/psyq/lib/libc.a(c63.o)
                0x80023338                printf
 .text          0x80023348       0x40 /Users/hasik/Projects/ruby-psx/nolibgs_hello_worlds/psyq/lib/libc.a(memcmp.o)
                0x80023348                memcmp
 .text          0x80023388       0x70 /Users/hasik/Projects/ruby-psx/nolibgs_hello_worlds/psyq/lib/libc.a(memmove.o)
                0x80023388                memmove
 .text          0x800233f8      0x210 /Users/hasik/Projects/ruby-psx/nolibgs_hello_worlds/psyq/lib/libetc.a(vsync.o)
                0x800233f8                VSync
 .text          0x80023608      0x120 /Users/hasik/Projects/ruby-psx/nolibgs_hello_worlds/psyq/lib/libetc.a(intr_vb.o)
                0x80023608                startIntrVSync
 .text          0x80023728      0x6c0 /Users/hasik/Projects/ruby-psx/nolibgs_hello_worlds/psyq/lib/libetc.a(intr.o)
                0x80023728                ResetCallback
                0x80023758                InterruptCallback
                0x80023788                DMACallback
                0x800237b8                VSyncCallback
                0x800237ec                VSyncCallbacks
                0x8002381c                StopCallback
                0x8002384c                RestartCallback
                0x8002387c                CheckCallback
                0x8002388c                GetIntrMask
                0x800238a4                SetIntrMask
 .text          0x80023de8      0x2a0 /Users/hasik/Projects/ruby-psx/nolibgs_hello_worlds/psyq/lib/libetc.a(intr_dma.o)
                0x80023de8                startIntrDMA
 .text          0x80024088       0xc0 /Users/hasik/Projects/ruby-psx/nolibgs_hello_worlds/psyq/lib/libgpu.a(e03.o)
                0x80024088                SetDefDrawEnv
 .text          0x80024148       0x40 /Users/hasik/Projects/ruby-psx/nolibgs_hello_worlds/psyq/lib/libgpu.a(e04.o)
                0x80024148                SetDefDispEnv
 .text          0x80024188      0xa80 /Users/hasik/Projects/ruby-psx/nolibgs_hello_worlds/psyq/lib/libgpu.a(font.o)
                0x80024188                SetDumpFnt
                0x800241c8                FntLoad
                0x80024268                FntOpen
                0x80024524                FntFlush
                0x80024840                FntPrint
 .text          0x80024c08       0x40 /Users/hasik/Projects/ruby-psx/nolibgs_hello_worlds/psyq/lib/libgpu.a(p06.o)
                0x80024c08                AddPrim
 .text          0x80024c48       0x20 /Users/hasik/Projects/ruby-psx/nolibgs_hello_worlds/psyq/lib/libgpu.a(p09.o)
                0x80024c48                TermPrim
 .text          0x80024c68       0x30 /Users/hasik/Projects/ruby-psx/nolibgs_hello_worlds/psyq/lib/libgpu.a(p10.o)
                0x80024c68                SetSemiTrans
 .text          0x80024c98       0x20 /Users/hasik/Projects/ruby-psx/nolibgs_hello_worlds/psyq/lib/libgpu.a(p20.o)
                0x80024c98                SetSprt8
 .text          0x80024cb8       0x20 /Users/hasik/Projects/ruby-psx/nolibgs_hello_worlds/psyq/lib/libgpu.a(p26.o)
                0x80024cb8                SetTile
 .text          0x80024cd8       0xa0 /Users/hasik/Projects/ruby-psx/nolibgs_hello_worlds/psyq/lib/libgpu.a(p41.o)
                0x80024cd8                SetDrawMode
 .text          0x80024d78     0x2f00 /Users/hasik/Projects/ruby-psx/nolibgs_hello_worlds/psyq/lib/libgpu.a(sys.o)
                0x80024d78                ResetGraph
                0x80024eec                SetGraphDebug
                0x80024f48                SetGraphQueue
                0x80024fec                GetGraphDebug
                0x80024ffc                DrawSyncCallback
                0x8002505c                SetDispMask
                0x800250f4                DrawSync
                0x80025278                ClearImage
                0x80025308                ClearImage2
                0x800253a0                LoadImage
                0x80025400                StoreImage
                0x80025460                MoveImage
                0x80025518                ClearOTag
                0x800255e0                ClearOTagR
                0x8002568c                DrawPrim
                0x800256e8                DrawOTag
                0x80025758                PutDrawEnv
                0x80025818                DrawOTagEnv
                0x800258f0                GetDrawEnv
                0x80025924                PutDispEnv
                0x80025e1c                GetDispEnv
                0x80025e50                GetODE
                0x80025e80                SetDrawArea
                0x80025f00                SetDrawOffset
                0x80025f40                SetDrawEnv
                0x80027810                LoadImage2
                0x800278fc                StoreImage2
                0x800279e8                MoveImage2
                0x80027b2c                DrawOTag2
                0x80027c28                _GPU_ResetCallback
 .text          0x80027c78       0xf0 /Users/hasik/Projects/ruby-psx/nolibgs_hello_worlds/psyq/lib/libgpu.a(e00.o)
                0x80027c78                LoadTPage
 .text          0x80027d68       0x70 /Users/hasik/Projects/ruby-psx/nolibgs_hello_worlds/psyq/lib/libgpu.a(e02.o)
                0x80027d68                LoadClut2
 .text          0x80027dd8       0x40 /Users/hasik/Projects/ruby-psx/nolibgs_hello_worlds/psyq/lib/libgpu.a(p00.o)
                0x80027dd8                GetTPage
 .text          0x80027e18       0x20 /Users/hasik/Projects/ruby-psx/nolibgs_hello_worlds/psyq/lib/libgpu.a(p01.o)
                0x80027e18                GetClut
 .text          0x80027e38       0x20 /Users/hasik/Projects/ruby-psx/nolibgs_hello_worlds/psyq/lib/libmath.a(strtod00.o)
                0x80027e38                atof
 .text          0x80027e58      0x530 /Users/hasik/Projects/ruby-psx/nolibgs_hello_worlds/psyq/lib/libmath.a(strtod01.o)
                0x80027e58                strtod
 .text          0x80028388      0x380 /Users/hasik/Projects/ruby-psx/nolibgs_hello_worlds/psyq/lib/libmath.a(adddf3.o)
                0x80028388                __adddf3
 .text          0x80028708       0xb0 /Users/hasik/Projects/ruby-psx/nolibgs_hello_worlds/psyq/lib/libmath.a(addmant.o)
                0x80028708                _add_mant_d
 .text          0x800287b8       0xc0 /Users/hasik/Projects/ruby-psx/nolibgs_hello_worlds/psyq/lib/libmath.a(dbshift.o)
                0x800287b8                _dbl_shift
 .text          0x80028878      0x330 /Users/hasik/Projects/ruby-psx/nolibgs_hello_worlds/psyq/lib/libmath.a(divdf3.o)
                0x80028878                __divdf3
                0x80028b58                _comp_mant
 .text          0x80028ba8       0x70 /Users/hasik/Projects/ruby-psx/nolibgs_hello_worlds/psyq/lib/libmath.a(ferr.o)
                0x80028ba8                _err_math
 .text          0x80028c18      0x120 /Users/hasik/Projects/ruby-psx/nolibgs_hello_worlds/psyq/lib/libmath.a(fltsidf.o)
                0x80028c18                __floatsidf
 .text          0x80028d38       0xe0 /Users/hasik/Projects/ruby-psx/nolibgs_hello_worlds/psyq/lib/libmath.a(gedf2.o)
                0x80028d38                __gedf2
 .text          0x80028e18       0xe0 /Users/hasik/Projects/ruby-psx/nolibgs_hello_worlds/psyq/lib/libmath.a(gtdf2.o)
                0x80028e18                __gtdf2
 .text          0x80028ef8       0xe0 /Users/hasik/Projects/ruby-psx/nolibgs_hello_worlds/psyq/lib/libmath.a(ltdf2.o)
                0x80028ef8                __ltdf2
 .text          0x80028fd8       0x70 /Users/hasik/Projects/ruby-psx/nolibgs_hello_worlds/psyq/lib/libmath.a(mainasu.o)
                0x80028fd8                _mainasu
 .text          0x80029048      0x400 /Users/hasik/Projects/ruby-psx/nolibgs_hello_worlds/psyq/lib/libmath.a(muldf3.o)
                0x80029048                __muldf3
                0x8002935c                _mul_mant_d
 .text          0x80029448       0x40 /Users/hasik/Projects/ruby-psx/nolibgs_hello_worlds/psyq/lib/libmath.a(negdf2.o)
                0x80029448                __negdf2
 .text          0x80029488       0xc0 /Users/hasik/Projects/ruby-psx/nolibgs_hello_worlds/psyq/lib/libmath.a(dbshiftu.o)
                0x80029488                _dbl_shift_us
 .text          0x80029548       0x10 /Users/hasik/Projects/ruby-psx/nolibgs_hello_worlds/psyq/lib/libapi.a(a07.o)
                0x80029548                DeliverEvent
 .text          0x80029558       0x10 /Users/hasik/Projects/ruby-psx/nolibgs_hello_worlds/psyq/lib/libapi.a(a23.o)
                0x80029558                ReturnFromException
 .text          0x80029568       0x10 /Users/hasik/Projects/ruby-psx/nolibgs_hello_worlds/psyq/lib/libapi.a(a24.o)
                0x80029568                ResetEntryInt
 .text          0x80029578       0x10 /Users/hasik/Projects/ruby-psx/nolibgs_hello_worlds/psyq/lib/libapi.a(a25.o)
                0x80029578                HookEntryInt
 .text          0x80029588       0x10 /Users/hasik/Projects/ruby-psx/nolibgs_hello_worlds/psyq/lib/libapi.a(a36.o)
                0x80029588                EnterCriticalSection
 .text          0x80029598       0x10 /Users/hasik/Projects/ruby-psx/nolibgs_hello_worlds/psyq/lib/libapi.a(a37.o)
                0x80029598                ExitCriticalSection
 .text          0x800295a8       0x10 /Users/hasik/Projects/ruby-psx/nolibgs_hello_worlds/psyq/lib/libapi.a(a91.o)
                0x800295a8                ChangeClearPAD
 .text          0x800295b8       0x20 /Users/hasik/Projects/ruby-psx/nolibgs_hello_worlds/psyq/lib/libapi.a(c114.o)
                0x800295c0                _96_remove
 .text          0x800295d8       0x10 /Users/hasik/Projects/ruby-psx/nolibgs_hello_worlds/psyq/lib/libapi.a(c73.o)
                0x800295d8                GPU_cw
 .text          0x800295e8       0x10 /Users/hasik/Projects/ruby-psx/nolibgs_hello_worlds/psyq/lib/libapi.a(l10.o)
                0x800295e8                ChangeClearRCnt
 .text          0x800295f8       0x20 /Users/hasik/Projects/ruby-psx/nolibgs_hello_worlds/psyq/lib/libc.a(a63.o)
                0x80029600                puts
 .text          0x80029618       0x10 /Users/hasik/Projects/ruby-psx/nolibgs_hello_worlds/psyq/lib/libc.a(c19.o)
                0x80029618                setjmp
 .text          0x80029628       0x10 /Users/hasik/Projects/ruby-psx/nolibgs_hello_worlds/psyq/lib/libc.a(c37.o)
                0x80029628                toupper
 .text          0x80029638       0x30 /Users/hasik/Projects/ruby-psx/nolibgs_hello_worlds/psyq/lib/libetc.a(vmode.o)
                0x80029638                SetVideoMode
                0x8002964c                GetVideoMode
                0x80029670                        . = ALIGN (0x10)
 *fill*         0x80029668        0x8 
 *(.init)
                0x80029670                        . = ALIGN (0x10)
 *(.fini)
                0x80029670                        . = ALIGN (0x10)
                0x80029670                        __text_end = .
                0x80029670                        __ftext_end = ABSOLUTE (.)
                0x80029670                        __fdata_start = ABSOLUTE (.)

.rodata         0x80029670     0x3304
 *(.rodata .rodata.* .rdata .rdata.* .gnu.linkonce.r.*)
 .rodata.str1.4
                0x80029670      0x1d7 alloc.o
                                0x1e4 (size before relaxing)
 *fill*         0x80029847        0x1 
 .rodata.str1.4
                0x80029848       0x86 c_array.o
                                 0xbc (size before relaxing)
 *fill*         0x800298ce        0x2 
 .rodata        0x800298d0       0xb0 c_array.o
 .rodata.str1.4
                0x80029980       0x2d c_hash.o
                                 0x6c (size before relaxing)
 *fill*         0x800299ad        0x3 
 .rodata        0x800299b0       0x80 c_hash.o
 .rodata.str1.4
                0x80029a30       0x90 c_numeric.o
                                 0xc0 (size before relaxing)
 .rodata        0x80029ac0       0xa0 c_numeric.o
 .rodata.str1.4
                0x80029b60      0x18b c_object.o
                                0x1c8 (size before relaxing)
 *fill*         0x80029ceb        0x5 
 .rodata        0x80029cf0      0x180 c_object.o
 .rodata.str1.4
                0x80029e70       0x16 c_range.o
                                 0x50 (size before relaxing)
 *fill*         0x80029e86        0xa 
 .rodata        0x80029e90       0x30 c_range.o
 .rodata.str1.4
                0x80029ec0       0xed c_string.o
                                0x130 (size before relaxing)
 *fill*         0x80029fad        0x3 
 .rodata        0x80029fb0      0x110 c_string.o
 .rodata.str1.4
                0x8002a0c0       0x8b class.o
                                 0xf0 (size before relaxing)
 *fill*         0x8002a14b        0x5 
 .rodata        0x8002a150      0x110 class.o
                0x8002a218                mrbc_class_tbl
 .rodata.str1.4
                0x8002a260       0x87 console.o
                                 0xe4 (size before relaxing)
 *fill*         0x8002a2e7        0x9 
 .rodata        0x8002a2f0       0xd0 console.o
 .rodata.str1.4
                0x8002a3c0      0x132 error.o
                                0x168 (size before relaxing)
 *fill*         0x8002a4f2        0xe 
 .rodata        0x8002a500       0x10 error.o
 .rodata.str1.4
                0x8002a510      0x11b global.o
                                0x128 (size before relaxing)
 *fill*         0x8002a62b        0x1 
 .rodata.str1.4
                0x8002a62c        0x3 keyvalue.o
                                 0x34 (size before relaxing)
 *fill*         0x8002a62f        0x1 
 .rodata.str1.4
                0x8002a630       0xcb load.o
                                0x110 (size before relaxing)
 *fill*         0x8002a6fb        0x5 
 .rodata        0x8002a700       0x40 load.o
 .rodata        0x8002a740      0xf00 mrblib.o
                0x8002a740                mrblib_bytecode
 .rodata.str1.4
                0x8002b640      0x656 symbol.o
                                0x7fc (size before relaxing)
 *fill*         0x8002bc96        0xa 
 .rodata        0x8002bca0      0x3a0 symbol.o
 .rodata        0x8002c040       0x80 value.o
                0x8002c078                mrbc_delfunc
 .rodata.str1.4
                0x8002c0c0      0x244 vm.o
                                0x2bc (size before relaxing)
 *fill*         0x8002c304        0xc 
 .rodata        0x8002c310      0x1b0 vm.o
 .rodata.str1.4
                0x8002c4c0       0x78 mrubyc.o
 *fill*         0x8002c538        0x8 
 .rodata        0x8002c540       0x60 mrubyc.o
                0x8002c540                mrbbuf
 .rodata        0x8002c5a0       0x10 /Users/hasik/Projects/ruby-psx/nolibgs_hello_worlds/thirdparty/nugget/common/crt0/crt0.o
 .rdata         0x8002c5b0       0x10 /Users/hasik/Projects/ruby-psx/nolibgs_hello_worlds/psyq/lib/libetc.a(vsync.o)
 .rdata         0x8002c5c0       0x70 /Users/hasik/Projects/ruby-psx/nolibgs_hello_worlds/psyq/lib/libetc.a(intr.o)
 .rdata         0x8002c630       0x30 /Users/hasik/Projects/ruby-psx/nolibgs_hello_worlds/psyq/lib/libetc.a(intr_dma.o)
 .rdata         0x8002c660       0xa0 /Users/hasik/Projects/ruby-psx/nolibgs_hello_worlds/psyq/lib/libgpu.a(font.o)
 .rdata         0x8002c700      0x220 /Users/hasik/Projects/ruby-psx/nolibgs_hello_worlds/psyq/lib/libgpu.a(sys.o)
 .rdata         0x8002c920       0x30 /Users/hasik/Projects/ruby-psx/nolibgs_hello_worlds/psyq/lib/libmath.a(strtod01.o)
                0x8002c950                        . = ALIGN (0x10)
                0x8002c950                        __preinit_array_start = .
 *(.preinit_array)
                0x8002c950                        __preinit_array_end = .
                0x8002c950                        . = ALIGN (0x10)
                0x8002c950                        __init_array_start = .
 *(SORT_BY_NAME(.init_array.*))
 *(.init_array)
                0x8002c950                        . = ALIGN (0x10)
 *crtbegin.o(.ctors)
 *(EXCLUDE_FILE(*crtend.o) .ctors)
 *(SORT_BY_NAME(.ctors.*))
 *crtend.o(.ctors)
                0x8002c950                        __init_array_end = .
                0x8002c950                        . = ALIGN (0x10)
                0x8002c950                        __fini_array_start = .
 *(.fini_array)
 *(SORT_BY_NAME(.fini_array.*))
 *crtbegin.o(.dtors)
 *(EXCLUDE_FILE(*crtend.o) .dtors)
 *(SORT_BY_NAME(.dtors.*))
 *crtend.o(.dtors)
                0x8002c950                        __fini_array_end = .
                0x8002c950                        __build_id = .
 *(.note.gnu.build-id)
 .note.gnu.build-id
                0x8002c950       0x24 alloc.o
                0x8002c974                        __build_id_end = .

.rel.dyn        0x8002c974        0x0
 .rel.dyn       0x8002c974        0x0 c_array.o

.rodata1
 *(.rodata1)
                0x8002c974                        __data_start = .

.data           0x8002c980     0x2680
 *(.a0table)
 *(.data .data.* .gnu.linkonce.d.*)
 .data          0x8002c980       0x20 c_array.o
                0x8002c980                mrbc_class_Array
 .data          0x8002c9a0       0x20 c_hash.o
                0x8002c9a0                mrbc_class_Hash
 .data          0x8002c9c0       0x30 c_numeric.o
                0x8002c9c0                mrbc_class_Float
                0x8002c9d8                mrbc_class_Integer
 .data          0x8002c9f0       0x80 c_object.o
                0x8002c9f0                mrbc_class_FalseClass
                0x8002ca08                mrbc_class_TrueClass
                0x8002ca20                mrbc_class_NilClass
                0x8002ca38                mrbc_class_Proc
                0x8002ca50                mrbc_class_Object
 .data          0x8002ca70       0x20 c_range.o
                0x8002ca70                mrbc_class_Range
 .data          0x8002ca90       0x20 c_string.o
                0x8002ca90                mrbc_class_String
 .data          0x8002cab0       0xe0 error.o
                0x8002cab0                mrbc_class_ZeroDivisionError
                0x8002cac0                mrbc_class_TypeError
                0x8002cad0                mrbc_class_RuntimeError
                0x8002cae0                mrbc_class_RangeError
                0x8002caf0                mrbc_class_NoMethodError
                0x8002cb00                mrbc_class_NameError
                0x8002cb10                mrbc_class_IOError
                0x8002cb20                mrbc_class_IndexError
                0x8002cb30                mrbc_class_ArgumentError
                0x8002cb40                mrbc_class_StandardError
                0x8002cb50                mrbc_class_NotImplementedError
                0x8002cb60                mrbc_class_NoMemoryError
                0x8002cb70                mrbc_class_Exception
 .data          0x8002cb90       0x20 symbol.o
                0x8002cb90                mrbc_class_Symbol
 .data          0x8002cbb0       0x20 /Users/hasik/Projects/ruby-psx/nolibgs_hello_worlds/psyq/lib/libetc.a(vsync.o)
                0x8002cbc0                Hcount
 .data          0x8002cbd0       0x30 /Users/hasik/Projects/ruby-psx/nolibgs_hello_worlds/psyq/lib/libetc.a(intr_vb.o)
                0x8002cbf0                Vcount
 .data          0x8002cc00     0x1100 /Users/hasik/Projects/ruby-psx/nolibgs_hello_worlds/psyq/lib/libetc.a(intr.o)
 .data          0x8002dd00       0x30 /Users/hasik/Projects/ruby-psx/nolibgs_hello_worlds/psyq/lib/libetc.a(intr_dma.o)
 .data          0x8002dd30      0xb90 /Users/hasik/Projects/ruby-psx/nolibgs_hello_worlds/psyq/lib/libgpu.a(font.o)
                0x8002dd30                Font
 .data          0x8002e8c0      0x1a0 /Users/hasik/Projects/ruby-psx/nolibgs_hello_worlds/psyq/lib/libgpu.a(sys.o)
                0x8002e90c                GPU_printf
                0x8002e910                GEnv
                0x8002ea38                _qin
                0x8002ea3c                _qout
 .data          0x8002ea60       0x10 /Users/hasik/Projects/ruby-psx/nolibgs_hello_worlds/psyq/lib/libmath.a(ferr.o)
                0x8002ea68                math_errno
                0x8002ea6c                math_err_point
 .data          0x8002ea70       0x90 /Users/hasik/Projects/ruby-psx/nolibgs_hello_worlds/psyq/lib/libc.a(ctype0.o)
                0x8002ea70                _ctype_
 .data          0x8002eb00       0x10 /Users/hasik/Projects/ruby-psx/nolibgs_hello_worlds/psyq/lib/libetc.a(vmode.o)
 *(.data1)
 *(.sdata .sdata.* .gnu.linkonce.s.*)
 *(.sdata2 .sdata2.* .gnu.linkonce.s2.*)
 *(.got.plt)
 *(.got)
                0x8002f000                        . = ALIGN (0x800)
 *fill*         0x8002eb10      0x4f0 
                0x8002f000                        __data_end = .
                0x8002f000                        __fdata_end = .
                0x8002f000                        __bss_start = .

.sbss           0x8002f000    0x10570
 *(.dynsbss)
 *(.sbss .sbss.* .gnu.linkonce.sb.*)
 .sbss          0x8002f000        0x4 alloc.o
 .sbss          0x8002f004       0x10 global.o
 .sbss          0x8002f014        0x4 symbol.o
 .sbss          0x8002f018        0x4 vm.o
 *(.scommon)
 *(.dynbss)
 *(.bss .bss.* .gnu.linkonce.b.*)
 *fill*         0x8002f01c        0x4 
 .bss           0x8002f020      0x800 symbol.o
 .bss           0x8002f820     0xa0f0 mrubyc.o
                0x8002f820                db
                0x8002f824                draw
                0x8002f8dc                disp
 .bss           0x80039910     0x4410 /Users/hasik/Projects/ruby-psx/nolibgs_hello_worlds/psyq/lib/libgpu.a(font.o)
 .bss           0x8003dd20     0x1850 /Users/hasik/Projects/ruby-psx/nolibgs_hello_worlds/psyq/lib/libgpu.a(sys.o)
                0x8003dd70                _que
 *(COMMON)
                0x8003f570                        . = ALIGN (0x4)
                0x8003f570                        __bss_end = .
                0x8003f570                        __heap_start = __heap_base
                0x8000f800                        . = (ADDR (.text) - 0x800)
                0x8000f800                        __end = .

/DISCARD/
 *(.MIPS.abiflags)

/DISCARD/
 *(.rel.iplt)
 *(.rela.iplt)
 *(.rel.plt)
 *(.rela.plt)
 *(.plt)
 *(.iplt)

/DISCARD/
 *(.note.GNU-stack)
 *(.gnu_debuglink)
 *(.gnu.lto_*)
OUTPUT(mrubyc.elf elf32-tradlittlemips)

.mdebug.abi32   0x00000000        0x0
 .mdebug.abi32  0x00000000        0x0 alloc.o
 .mdebug.abi32  0x00000000        0x0 c_array.o
 .mdebug.abi32  0x00000000        0x0 c_hash.o
 .mdebug.abi32  0x00000000        0x0 c_numeric.o
 .mdebug.abi32  0x00000000        0x0 c_object.o
 .mdebug.abi32  0x00000000        0x0 c_range.o
 .mdebug.abi32  0x00000000        0x0 c_string.o
 .mdebug.abi32  0x00000000        0x0 class.o
 .mdebug.abi32  0x00000000        0x0 console.o
 .mdebug.abi32  0x00000000        0x0 error.o
 .mdebug.abi32  0x00000000        0x0 global.o
 .mdebug.abi32  0x00000000        0x0 keyvalue.o
 .mdebug.abi32  0x00000000        0x0 load.o
 .mdebug.abi32  0x00000000        0x0 mrblib.o
 .mdebug.abi32  0x00000000        0x0 symbol.o
 .mdebug.abi32  0x00000000        0x0 value.o
 .mdebug.abi32  0x00000000        0x0 vm.o
 .mdebug.abi32  0x00000000        0x0 mrubyc.o

.comment        0x00000000       0x12
 .comment       0x00000000       0x12 alloc.o
                                 0x13 (size before relaxing)
 .comment       0x00000012       0x13 c_array.o
 .comment       0x00000012       0x13 c_hash.o
 .comment       0x00000012       0x13 c_numeric.o
 .comment       0x00000012       0x13 c_object.o
 .comment       0x00000012       0x13 c_range.o
 .comment       0x00000012       0x13 c_string.o
 .comment       0x00000012       0x13 class.o
 .comment       0x00000012       0x13 console.o
 .comment       0x00000012       0x13 error.o
 .comment       0x00000012       0x13 global.o
 .comment       0x00000012       0x13 keyvalue.o
 .comment       0x00000012       0x13 load.o
 .comment       0x00000012       0x13 mrblib.o
 .comment       0x00000012       0x13 symbol.o
 .comment       0x00000012       0x13 value.o
 .comment       0x00000012       0x13 vm.o
 .comment       0x00000012       0x13 mrubyc.o

.gnu.attributes
                0x00000000       0x10
 .gnu.attributes
                0x00000000       0x10 alloc.o
 .gnu.attributes
                0x00000010       0x10 c_array.o
 .gnu.attributes
                0x00000020       0x10 c_hash.o
 .gnu.attributes
                0x00000030       0x10 c_numeric.o
 .gnu.attributes
                0x00000040       0x10 c_object.o
 .gnu.attributes
                0x00000050       0x10 c_range.o
 .gnu.attributes
                0x00000060       0x10 c_string.o
 .gnu.attributes
                0x00000070       0x10 class.o
 .gnu.attributes
                0x00000080       0x10 console.o
 .gnu.attributes
                0x00000090       0x10 error.o
 .gnu.attributes
                0x000000a0       0x10 global.o
 .gnu.attributes
                0x000000b0       0x10 keyvalue.o
 .gnu.attributes
                0x000000c0       0x10 load.o
 .gnu.attributes
                0x000000d0       0x10 mrblib.o
 .gnu.attributes
                0x000000e0       0x10 symbol.o
 .gnu.attributes
                0x000000f0       0x10 value.o
 .gnu.attributes
                0x00000100       0x10 vm.o
 .gnu.attributes
                0x00000110       0x10 mrubyc.o
 .gnu.attributes
                0x00000120       0x10 /Users/hasik/Projects/ruby-psx/nolibgs_hello_worlds/thirdparty/nugget/common/crt0/crt0.o

.pdr            0x00000000        0x0
 .pdr           0x00000000        0x0 mrblib.o
 .pdr           0x00000000        0x0 /Users/hasik/Projects/ruby-psx/nolibgs_hello_worlds/thirdparty/nugget/common/crt0/crt0.o

.note           0x00000000     0x1a48
 .note          0x00000000       0x74 /Users/hasik/Projects/ruby-psx/nolibgs_hello_worlds/psyq/lib/libc.a(a56.o)
 .note          0x00000074       0x74 /Users/hasik/Projects/ruby-psx/nolibgs_hello_worlds/psyq/lib/libc.a(c17.o)
 .note          0x000000e8       0x74 /Users/hasik/Projects/ruby-psx/nolibgs_hello_worlds/psyq/lib/libc.a(c23.o)
 .note          0x0000015c       0x74 /Users/hasik/Projects/ruby-psx/nolibgs_hello_worlds/psyq/lib/libc.a(c27.o)
 .note          0x000001d0       0x74 /Users/hasik/Projects/ruby-psx/nolibgs_hello_worlds/psyq/lib/libc.a(c30.o)
 .note          0x00000244       0x74 /Users/hasik/Projects/ruby-psx/nolibgs_hello_worlds/psyq/lib/libc.a(c42.o)
 .note          0x000002b8       0x74 /Users/hasik/Projects/ruby-psx/nolibgs_hello_worlds/psyq/lib/libc.a(c43.o)
 .note          0x0000032c       0x74 /Users/hasik/Projects/ruby-psx/nolibgs_hello_worlds/psyq/lib/libc.a(c63.o)
 .note          0x000003a0       0x74 /Users/hasik/Projects/ruby-psx/nolibgs_hello_worlds/psyq/lib/libc.a(memcmp.o)
 .note          0x00000414       0x74 /Users/hasik/Projects/ruby-psx/nolibgs_hello_worlds/psyq/lib/libc.a(memmove.o)
 .note          0x00000488       0x74 /Users/hasik/Projects/ruby-psx/nolibgs_hello_worlds/psyq/lib/libetc.a(vsync.o)
 .note          0x000004fc       0x74 /Users/hasik/Projects/ruby-psx/nolibgs_hello_worlds/psyq/lib/libetc.a(intr_vb.o)
 .note          0x00000570       0x74 /Users/hasik/Projects/ruby-psx/nolibgs_hello_worlds/psyq/lib/libetc.a(intr.o)
 .note          0x000005e4       0x74 /Users/hasik/Projects/ruby-psx/nolibgs_hello_worlds/psyq/lib/libetc.a(intr_dma.o)
 .note          0x00000658       0x74 /Users/hasik/Projects/ruby-psx/nolibgs_hello_worlds/psyq/lib/libgpu.a(e03.o)
 .note          0x000006cc       0x74 /Users/hasik/Projects/ruby-psx/nolibgs_hello_worlds/psyq/lib/libgpu.a(e04.o)
 .note          0x00000740       0x74 /Users/hasik/Projects/ruby-psx/nolibgs_hello_worlds/psyq/lib/libgpu.a(font.o)
 .note          0x000007b4       0x74 /Users/hasik/Projects/ruby-psx/nolibgs_hello_worlds/psyq/lib/libgpu.a(p06.o)
 .note          0x00000828       0x74 /Users/hasik/Projects/ruby-psx/nolibgs_hello_worlds/psyq/lib/libgpu.a(p09.o)
 .note          0x0000089c       0x74 /Users/hasik/Projects/ruby-psx/nolibgs_hello_worlds/psyq/lib/libgpu.a(p10.o)
 .note          0x00000910       0x74 /Users/hasik/Projects/ruby-psx/nolibgs_hello_worlds/psyq/lib/libgpu.a(p20.o)
 .note          0x00000984       0x74 /Users/hasik/Projects/ruby-psx/nolibgs_hello_worlds/psyq/lib/libgpu.a(p26.o)
 .note          0x000009f8       0x74 /Users/hasik/Projects/ruby-psx/nolibgs_hello_worlds/psyq/lib/libgpu.a(p41.o)
 .note          0x00000a6c       0x74 /Users/hasik/Projects/ruby-psx/nolibgs_hello_worlds/psyq/lib/libgpu.a(sys.o)
 .note          0x00000ae0       0x74 /Users/hasik/Projects/ruby-psx/nolibgs_hello_worlds/psyq/lib/libgpu.a(e00.o)
 .note          0x00000b54       0x74 /Users/hasik/Projects/ruby-psx/nolibgs_hello_worlds/psyq/lib/libgpu.a(e02.o)
 .note          0x00000bc8       0x74 /Users/hasik/Projects/ruby-psx/nolibgs_hello_worlds/psyq/lib/libgpu.a(p00.o)
 .note          0x00000c3c       0x74 /Users/hasik/Projects/ruby-psx/nolibgs_hello_worlds/psyq/lib/libgpu.a(p01.o)
 .note          0x00000cb0       0x74 /Users/hasik/Projects/ruby-psx/nolibgs_hello_worlds/psyq/lib/libmath.a(strtod00.o)
 .note          0x00000d24       0x74 /Users/hasik/Projects/ruby-psx/nolibgs_hello_worlds/psyq/lib/libmath.a(strtod01.o)
 .note          0x00000d98       0x74 /Users/hasik/Projects/ruby-psx/nolibgs_hello_worlds/psyq/lib/libmath.a(adddf3.o)
 .note          0x00000e0c       0x74 /Users/hasik/Projects/ruby-psx/nolibgs_hello_worlds/psyq/lib/libmath.a(addmant.o)
 .note          0x00000e80       0x74 /Users/hasik/Projects/ruby-psx/nolibgs_hello_worlds/psyq/lib/libmath.a(dbshift.o)
 .note          0x00000ef4       0x74 /Users/hasik/Projects/ruby-psx/nolibgs_hello_worlds/psyq/lib/libmath.a(divdf3.o)
 .note          0x00000f68       0x74 /Users/hasik/Projects/ruby-psx/nolibgs_hello_worlds/psyq/lib/libmath.a(ferr.o)
 .note          0x00000fdc       0x74 /Users/hasik/Projects/ruby-psx/nolibgs_hello_worlds/psyq/lib/libmath.a(fltsidf.o)
 .note          0x00001050       0x74 /Users/hasik/Projects/ruby-psx/nolibgs_hello_worlds/psyq/lib/libmath.a(gedf2.o)
 .note          0x000010c4       0x74 /Users/hasik/Projects/ruby-psx/nolibgs_hello_worlds/psyq/lib/libmath.a(gtdf2.o)
 .note          0x00001138       0x74 /Users/hasik/Projects/ruby-psx/nolibgs_hello_worlds/psyq/lib/libmath.a(ltdf2.o)
 .note          0x000011ac       0x74 /Users/hasik/Projects/ruby-psx/nolibgs_hello_worlds/psyq/lib/libmath.a(mainasu.o)
 .note          0x00001220       0x74 /Users/hasik/Projects/ruby-psx/nolibgs_hello_worlds/psyq/lib/libmath.a(muldf3.o)
 .note          0x00001294       0x74 /Users/hasik/Projects/ruby-psx/nolibgs_hello_worlds/psyq/lib/libmath.a(negdf2.o)
 .note          0x00001308       0x74 /Users/hasik/Projects/ruby-psx/nolibgs_hello_worlds/psyq/lib/libmath.a(dbshiftu.o)
 .note          0x0000137c       0x74 /Users/hasik/Projects/ruby-psx/nolibgs_hello_worlds/psyq/lib/libapi.a(a07.o)
 .note          0x000013f0       0x74 /Users/hasik/Projects/ruby-psx/nolibgs_hello_worlds/psyq/lib/libapi.a(a23.o)
 .note          0x00001464       0x74 /Users/hasik/Projects/ruby-psx/nolibgs_hello_worlds/psyq/lib/libapi.a(a24.o)
 .note          0x000014d8       0x74 /Users/hasik/Projects/ruby-psx/nolibgs_hello_worlds/psyq/lib/libapi.a(a25.o)
 .note          0x0000154c       0x74 /Users/hasik/Projects/ruby-psx/nolibgs_hello_worlds/psyq/lib/libapi.a(a36.o)
 .note          0x000015c0       0x74 /Users/hasik/Projects/ruby-psx/nolibgs_hello_worlds/psyq/lib/libapi.a(a37.o)
 .note          0x00001634       0x74 /Users/hasik/Projects/ruby-psx/nolibgs_hello_worlds/psyq/lib/libapi.a(a91.o)
 .note          0x000016a8       0x74 /Users/hasik/Projects/ruby-psx/nolibgs_hello_worlds/psyq/lib/libapi.a(c114.o)
 .note          0x0000171c       0x74 /Users/hasik/Projects/ruby-psx/nolibgs_hello_worlds/psyq/lib/libapi.a(c73.o)
 .note          0x00001790       0x74 /Users/hasik/Projects/ruby-psx/nolibgs_hello_worlds/psyq/lib/libapi.a(l10.o)
 .note          0x00001804       0x74 /Users/hasik/Projects/ruby-psx/nolibgs_hello_worlds/psyq/lib/libc.a(a63.o)
 .note          0x00001878       0x74 /Users/hasik/Projects/ruby-psx/nolibgs_hello_worlds/psyq/lib/libc.a(c19.o)
 .note          0x000018ec       0x74 /Users/hasik/Projects/ruby-psx/nolibgs_hello_worlds/psyq/lib/libc.a(c37.o)
 .note          0x00001960       0x74 /Users/hasik/Projects/ruby-psx/nolibgs_hello_worlds/psyq/lib/libc.a(ctype0.o)
 .note          0x000019d4       0x74 /Users/hasik/Projects/ruby-psx/nolibgs_hello_worlds/psyq/lib/libetc.a(vmode.o)

.debug_info     0x00000000    0x2cb7d
 .debug_info    0x00000000     0x1570 alloc.o
 .debug_info    0x00001570     0x4129 c_array.o
 .debug_info    0x00005699     0x2f46 c_hash.o
 .debug_info    0x000085df     0x210e c_numeric.o
 .debug_info    0x0000a6ed     0x49d8 c_object.o
 .debug_info    0x0000f0c5     0x189d c_range.o
 .debug_info    0x00010962     0x59c2 c_string.o
 .debug_info    0x00016324     0x220a class.o
 .debug_info    0x0001852e     0x25d9 console.o
 .debug_info    0x0001ab07     0x1c36 error.o
 .debug_info    0x0001c73d     0x1242 global.o
 .debug_info    0x0001d97f      0xda7 keyvalue.o
 .debug_info    0x0001e726     0x1490 load.o
 .debug_info    0x0001fbb6       0x90 mrblib.o
 .debug_info    0x0001fc46     0x1cda symbol.o
 .debug_info    0x00021920      0xb6b value.o
 .debug_info    0x0002248b     0x952f vm.o
 .debug_info    0x0002b9ba     0x119f mrubyc.o
 .debug_info    0x0002cb59       0x24 /Users/hasik/Projects/ruby-psx/nolibgs_hello_worlds/thirdparty/nugget/common/crt0/crt0.o

.debug_abbrev   0x00000000     0x5281
 .debug_abbrev  0x00000000      0x2ea alloc.o
 .debug_abbrev  0x000002ea      0x584 c_array.o
 .debug_abbrev  0x0000086e      0x56e c_hash.o
 .debug_abbrev  0x00000ddc      0x564 c_numeric.o
 .debug_abbrev  0x00001340      0x670 c_object.o
 .debug_abbrev  0x000019b0      0x418 c_range.o
 .debug_abbrev  0x00001dc8      0x63c c_string.o
 .debug_abbrev  0x00002404      0x4f6 class.o
 .debug_abbrev  0x000028fa      0x54b console.o
 .debug_abbrev  0x00002e45      0x488 error.o
 .debug_abbrev  0x000032cd      0x368 global.o
 .debug_abbrev  0x00003635      0x4df keyvalue.o
 .debug_abbrev  0x00003b14      0x48a load.o
 .debug_abbrev  0x00003f9e       0x61 mrblib.o
 .debug_abbrev  0x00003fff      0x5b8 symbol.o
 .debug_abbrev  0x000045b7      0x301 value.o
 .debug_abbrev  0x000048b8      0x696 vm.o
 .debug_abbrev  0x00004f4e      0x31f mrubyc.o
 .debug_abbrev  0x0000526d       0x14 /Users/hasik/Projects/ruby-psx/nolibgs_hello_worlds/thirdparty/nugget/common/crt0/crt0.o

.debug_loclists
                0x00000000    0x124ef
 .debug_loclists
                0x00000000      0xc6a alloc.o
 .debug_loclists
                0x00000c6a     0x2230 c_array.o
 .debug_loclists
                0x00002e9a     0x1321 c_hash.o
 .debug_loclists
                0x000041bb      0xd68 c_numeric.o
 .debug_loclists
                0x00004f23     0x1feb c_object.o
 .debug_loclists
                0x00006f0e      0x57b c_range.o
 .debug_loclists
                0x00007489     0x33d1 c_string.o
 .debug_loclists
                0x0000a85a      0xb77 class.o
 .debug_loclists
                0x0000b3d1     0x1172 console.o
 .debug_loclists
                0x0000c543      0x63d error.o
 .debug_loclists
                0x0000cb80      0x453 global.o
 .debug_loclists
                0x0000cfd3      0x538 keyvalue.o
 .debug_loclists
                0x0000d50b      0x8f5 load.o
 .debug_loclists
                0x0000de00      0x808 symbol.o
 .debug_loclists
                0x0000e608      0x465 value.o
 .debug_loclists
                0x0000ea6d     0x39ef vm.o
 .debug_loclists
                0x0001245c       0x93 mrubyc.o

.debug_aranges  0x00000000      0xd00
 .debug_aranges
                0x00000000       0xb8 alloc.o
 .debug_aranges
                0x000000b8      0x178 c_array.o
 .debug_aranges
                0x00000230      0x108 c_hash.o
 .debug_aranges
                0x00000338       0xd0 c_numeric.o
 .debug_aranges
                0x00000408      0x170 c_object.o
 .debug_aranges
                0x00000578       0x60 c_range.o
 .debug_aranges
                0x000005d8      0x1f0 c_string.o
 .debug_aranges
                0x000007c8       0xc0 class.o
 .debug_aranges
                0x00000888       0xc0 console.o
 .debug_aranges
                0x00000948       0x70 error.o
 .debug_aranges
                0x000009b8       0x68 global.o
 .debug_aranges
                0x00000a20       0x78 keyvalue.o
 .debug_aranges
                0x00000a98       0x50 load.o
 .debug_aranges
                0x00000ae8       0x18 mrblib.o
 .debug_aranges
                0x00000b00       0x90 symbol.o
 .debug_aranges
                0x00000b90       0x30 value.o
 .debug_aranges
                0x00000bc0       0xf0 vm.o
 .debug_aranges
                0x00000cb0       0x30 mrubyc.o
 .debug_aranges
                0x00000ce0       0x20 /Users/hasik/Projects/ruby-psx/nolibgs_hello_worlds/thirdparty/nugget/common/crt0/crt0.o

.debug_rnglists
                0x00000000     0x1eec
 .debug_rnglists
                0x00000000      0x118 alloc.o
 .debug_rnglists
                0x00000118      0x300 c_array.o
 .debug_rnglists
                0x00000418      0x1b4 c_hash.o
 .debug_rnglists
                0x000005cc      0x20d c_numeric.o
 .debug_rnglists
                0x000007d9      0x32f c_object.o
 .debug_rnglists
                0x00000b08       0xb3 c_range.o
 .debug_rnglists
                0x00000bbb      0x4de c_string.o
 .debug_rnglists
                0x00001099       0xdd class.o
 .debug_rnglists
                0x00001176      0x1e5 console.o
 .debug_rnglists
                0x0000135b       0x8b error.o
 .debug_rnglists
                0x000013e6       0xf6 global.o
 .debug_rnglists
                0x000014dc       0xc1 keyvalue.o
 .debug_rnglists
                0x0000159d      0x137 load.o
 .debug_rnglists
                0x000016d4       0xf8 symbol.o
 .debug_rnglists
                0x000017cc       0x2d value.o
 .debug_rnglists
                0x000017f9      0x6d2 vm.o
 .debug_rnglists
                0x00001ecb       0x21 mrubyc.o

.debug_line     0x00000000    0x10fb9
 .debug_line    0x00000000      0xe70 alloc.o
 .debug_line    0x00000e70     0x199d c_array.o
 .debug_line    0x0000280d      0xec4 c_hash.o
 .debug_line    0x000036d1      0x9a8 c_numeric.o
 .debug_line    0x00004079     0x1950 c_object.o
 .debug_line    0x000059c9      0x5fd c_range.o
 .debug_line    0x00005fc6     0x27e9 c_string.o
 .debug_line    0x000087af      0xbe0 class.o
 .debug_line    0x0000938f     0x146c console.o
 .debug_line    0x0000a7fb      0x77d error.o
 .debug_line    0x0000af78      0x5f2 global.o
 .debug_line    0x0000b56a      0x63a keyvalue.o
 .debug_line    0x0000bba4      0x832 load.o
 .debug_line    0x0000c3d6       0xa8 mrblib.o
 .debug_line    0x0000c47e      0x9d2 symbol.o
 .debug_line    0x0000ce50      0x421 value.o
 .debug_line    0x0000d271     0x39c5 vm.o
 .debug_line    0x00010c36      0x328 mrubyc.o
 .debug_line    0x00010f5e       0x5b /Users/hasik/Projects/ruby-psx/nolibgs_hello_worlds/thirdparty/nugget/common/crt0/crt0.o

.debug_str      0x00000000     0x42dd
 .debug_str     0x00000000      0x474 alloc.o
                                0x516 (size before relaxing)
 .debug_str     0x00000474     0x1830 c_array.o
                               0x1b5b (size before relaxing)
 .debug_str     0x00001ca4      0x211 c_hash.o
                               0x1963 (size before relaxing)
 .debug_str     0x00001eb5      0x287 c_numeric.o
                               0x189f (size before relaxing)
 .debug_str     0x0000213c      0x88b c_object.o
                               0x209c (size before relaxing)
 .debug_str     0x000029c7       0xe0 c_range.o
                               0x1792 (size before relaxing)
 .debug_str     0x00002aa7      0x41f c_string.o
                               0x1eeb (size before relaxing)
 .debug_str     0x00002ec6      0x2e8 class.o
                                0xca6 (size before relaxing)
 .debug_str     0x000031ae      0x12b console.o
                                0x9d6 (size before relaxing)
 .debug_str     0x000032d9       0xe0 error.o
                               0x19f3 (size before relaxing)
 .debug_str     0x000033b9       0xee global.o
                                0x7bc (size before relaxing)
 .debug_str     0x000034a7       0x6d keyvalue.o
                                0x6d8 (size before relaxing)
 .debug_str     0x00003514      0x163 load.o
                                0x8fa (size before relaxing)
 .debug_str     0x00003677        0x9 mrblib.o
                                0x1a6 (size before relaxing)
 .debug_str     0x00003680      0x128 symbol.o
                               0x185b (size before relaxing)
 .debug_str     0x000037a8       0x40 value.o
                                0x692 (size before relaxing)
 .debug_str     0x000037e8      0x94a vm.o
                               0x261e (size before relaxing)
 .debug_str     0x00004132      0x146 mrubyc.o
                                0x87b (size before relaxing)
 .debug_str     0x00004278       0x65 /Users/hasik/Projects/ruby-psx/nolibgs_hello_worlds/thirdparty/nugget/common/crt0/crt0.o
                                 0x9e (size before relaxing)

.debug_frame    0x00000000     0x35b0
 .debug_frame   0x00000000      0x2f4 alloc.o
 .debug_frame   0x000002f4      0x6f0 c_array.o
 .debug_frame   0x000009e4      0x43c c_hash.o
 .debug_frame   0x00000e20      0x30c c_numeric.o
 .debug_frame   0x0000112c      0x6d0 c_object.o
 .debug_frame   0x000017fc      0x168 c_range.o
 .debug_frame   0x00001964      0x900 c_string.o
 .debug_frame   0x00002264      0x33c class.o
 .debug_frame   0x000025a0      0x2a8 console.o
 .debug_frame   0x00002848      0x1d4 error.o
 .debug_frame   0x00002a1c      0x150 global.o
 .debug_frame   0x00002b6c      0x1c0 keyvalue.o
 .debug_frame   0x00002d2c      0x10c load.o
 .debug_frame   0x00002e38      0x1f8 symbol.o
 .debug_frame   0x00003030       0x78 value.o
 .debug_frame   0x000030a8      0x484 vm.o
 .debug_frame   0x0000352c       0x84 mrubyc.o

.debug_line_str
                0x00000000       0x92
 .debug_line_str
                0x00000000       0x92 /Users/hasik/Projects/ruby-psx/nolibgs_hello_worlds/thirdparty/nugget/common/crt0/crt0.o
